
> university-club-event-management@0.0.0 test
> jest

