src/components/admin/AdminDashboard.tsx(204,34): error TS2552: Cannot find name 'Cancel'. Did you mean 'oncancel'?
src/components/admin/AdminDashboard.tsx(362,92): error TS2304: Cannot find name 'RequestStatus'.
src/components/admin/AdminDashboard.tsx(367,92): error TS2304: Cannot find name 'RequestStatus'.
src/components/dashboard/Dashboard.tsx(46,11): error TS6133: 'user' is declared but its value is never read.
src/components/events/EventDetails.tsx(4,10): error TS6133: 'AccessTime' is declared but its value is never read.
src/components/events/EventDetails.tsx(4,22): error TS6133: 'LocationOn' is declared but its value is never read.
src/repositories/bookingRepository.ts(11,5): error TS6133: 'limit' is declared but its value is never read.
src/repositories/bookingRepository.ts(14,5): error TS6133: 'Firestore' is declared but its value is never read.
src/repositories/clubRepository.test.ts(185,13): error TS2741: Property 'category' is missing in type '{ name: string; description: string; parentClubId: null; officerIds: string[]; memberIds: string[]; memberRoles: { user1: ClubRole.PRESIDENT; }; documentIds: never[]; createdAt: Timestamp; }' but required in type 'Omit<Club, "clubId">'.
src/repositories/clubRepository.test.ts(210,13): error TS2741: Property 'category' is missing in type '{ name: string; description: string; parentClubId: null; officerIds: string[]; memberIds: string[]; memberRoles: {}; documentIds: never[]; createdAt: Timestamp; }' but required in type 'Omit<Club, "clubId">'.
src/repositories/eventRepository.test.ts(22,5): error TS2322: Type '{ createdAt: Timestamp; type: EventType; name: string; status: EventStatus; clubId: string; description: string; startTime: Timestamp; endTime: Timestamp; venueId: string; capacity: number; ... 4 more ...; qrCodeData: string; }' is not assignable to type 'Omit<Event, "eventId">'.
  Types of property 'location' are incompatible.
    Type 'string | undefined' is not assignable to type 'string'.
      Type 'undefined' is not assignable to type 'string'.
src/repositories/gamificationRepository.ts(121,19): error TS6133: '_leaderboardRef' is declared but its value is never read.
src/repositories/membershipRequestRepository.test.ts(4,1): error TS6133: 'db' is declared but its value is never read.
src/repositories/membershipRequestRepository.test.ts(43,9): error TS6133: 'mockRequest' is declared but its value is never read.
src/repositories/paymentRepository.ts(11,3): error TS6133: 'Timestamp' is declared but its value is never read.
src/repositories/userRepository.test.ts(5,10): error TS6133: 'collection' is declared but its value is never read.
src/repositories/userRepository.test.ts(5,22): error TS6133: 'getDocs' is declared but its value is never read.
src/repositories/userRepository.test.ts(58,52): error TS2345: Argument of type 'Omit<User, "userId">' is not assignable to parameter of type 'User'.
  Property 'userId' is missing in type 'Omit<User, "userId">' but required in type 'User'.
src/repositories/userRepository.test.ts(70,52): error TS2345: Argument of type 'Omit<User, "userId">' is not assignable to parameter of type 'User'.
  Property 'userId' is missing in type 'Omit<User, "userId">' but required in type 'User'.
src/repositories/userRepository.test.ts(80,59): error TS2345: Argument of type 'Omit<User, "userId">' is not assignable to parameter of type 'User'.
  Property 'userId' is missing in type 'Omit<User, "userId">' but required in type 'User'.
src/repositories/userRepository.test.ts(100,59): error TS2345: Argument of type 'Omit<User, "userId">' is not assignable to parameter of type 'User'.
  Property 'userId' is missing in type 'Omit<User, "userId">' but required in type 'User'.
src/repositories/userRepository.test.ts(120,59): error TS2345: Argument of type 'Omit<User, "userId">' is not assignable to parameter of type 'User'.
  Property 'userId' is missing in type 'Omit<User, "userId">' but required in type 'User'.
src/repositories/userRepository.test.ts(138,59): error TS2345: Argument of type 'Omit<User, "userId">' is not assignable to parameter of type 'User'.
  Property 'userId' is missing in type 'Omit<User, "userId">' but required in type 'User'.
src/repositories/userRepository.test.ts(151,59): error TS2345: Argument of type 'Omit<User, "userId">' is not assignable to parameter of type 'User'.
  Property 'userId' is missing in type 'Omit<User, "userId">' but required in type 'User'.
src/repositories/userRepository.test.ts(163,53): error TS2345: Argument of type 'Omit<User, "userId">' is not assignable to parameter of type 'User'.
  Property 'userId' is missing in type 'Omit<User, "userId">' but required in type 'User'.
src/repositories/userRepository.test.ts(166,53): error TS2345: Argument of type 'Omit<User, "userId">' is not assignable to parameter of type 'User'.
  Property 'userId' is missing in type 'Omit<User, "userId">' but required in type 'User'.
src/repositories/userRepository.test.ts(176,59): error TS2345: Argument of type 'Omit<User, "userId">' is not assignable to parameter of type 'User'.
  Property 'userId' is missing in type 'Omit<User, "userId">' but required in type 'User'.
src/repositories/userRepository.test.ts(179,59): error TS2345: Argument of type 'Omit<User, "userId">' is not assignable to parameter of type 'User'.
  Property 'userId' is missing in type 'Omit<User, "userId">' but required in type 'User'.
src/repositories/userRepository.test.ts(191,59): error TS2345: Argument of type 'Omit<User, "userId">' is not assignable to parameter of type 'User'.
  Property 'userId' is missing in type 'Omit<User, "userId">' but required in type 'User'.
src/repositories/venueRepository.test.ts(3,1): error TS6133: 'dbConnectionManager' is declared but its value is never read.
src/repositories/venueRepository.test.ts(39,5): error TS6133: 'updateDoc' is declared but its value is never read.
src/repositories/venueRepository.test.ts(40,5): error TS6133: 'deleteDoc' is declared but its value is never read.
src/repositories/venueRepository.ts(16,1): error TS6133: 'db' is declared but its value is never read.
src/services/authenticationService.ts(12,3): error TS6133: 'setDoc' is declared but its value is never read.
src/services/clubDocumentService.test.ts(57,9): error TS6133: 'mockDocument' is declared but its value is never read.
src/services/clubDocumentService.test.ts(83,68): error TS2345: Argument of type '{}' is not assignable to parameter of type 'never'.
src/services/clubDocumentService.test.ts(84,71): error TS2345: Argument of type '"https://storage.example.com/test.pdf"' is not assignable to parameter of type 'never'.
src/services/clubDocumentService.test.ts(88,65): error TS2345: Argument of type '{ id: string; }' is not assignable to parameter of type 'never'.
src/services/clubDocumentService.test.ts(158,68): error TS2345: Argument of type '{}' is not assignable to parameter of type 'never'.
src/services/clubDocumentService.test.ts(159,71): error TS2345: Argument of type '"https://storage.example.com/test.pdf"' is not assignable to parameter of type 'never'.
src/services/clubDocumentService.test.ts(160,69): error TS2345: Argument of type 'undefined' is not assignable to parameter of type 'never'.
src/services/clubDocumentService.test.ts(163,65): error TS2345: Argument of type 'Error' is not assignable to parameter of type 'never'.
src/services/clubDocumentService.test.ts(178,68): error TS2345: Argument of type '{}' is not assignable to parameter of type 'never'.
src/services/clubDocumentService.test.ts(179,71): error TS2345: Argument of type '"https://storage.example.com/test.pdf"' is not assignable to parameter of type 'never'.
src/services/clubDocumentService.test.ts(182,65): error TS2345: Argument of type '{ id: string; }' is not assignable to parameter of type 'never'.
src/services/clubDocumentService.test.ts(208,65): error TS2345: Argument of type '{ exists: () => boolean; id: string; data: () => { clubId: string; title: string; fileUrl: string; uploadedBy: string; uploadedAt: Timestamp; }; }' is not assignable to parameter of type 'never'.
src/services/clubDocumentService.test.ts(223,65): error TS2345: Argument of type '{ exists: () => boolean; }' is not assignable to parameter of type 'never'.
src/services/clubDocumentService.test.ts(232,65): error TS2345: Argument of type 'Error' is not assignable to parameter of type 'never'.
src/services/clubDocumentService.test.ts(272,66): error TS2345: Argument of type '{ docs: { id: string; data: () => { clubId: string; title: string; fileUrl: string; uploadedBy: string; uploadedAt: Timestamp; }; }[]; }' is not assignable to parameter of type 'never'.
src/services/clubDocumentService.test.ts(289,66): error TS2345: Argument of type '{ docs: never[]; }' is not assignable to parameter of type 'never'.
src/services/clubDocumentService.test.ts(300,66): error TS2345: Argument of type 'Error' is not assignable to parameter of type 'never'.
src/services/clubDocumentService.test.ts(323,65): error TS2345: Argument of type '{ exists: () => boolean; id: string; data: () => { clubId: string; title: string; fileUrl: string; uploadedBy: string; uploadedAt: Timestamp; }; }' is not assignable to parameter of type 'never'.
src/services/clubDocumentService.test.ts(324,68): error TS2345: Argument of type 'undefined' is not assignable to parameter of type 'never'.
src/services/clubDocumentService.test.ts(328,69): error TS2345: Argument of type 'undefined' is not assignable to parameter of type 'never'.
src/services/clubDocumentService.test.ts(349,65): error TS2345: Argument of type '{ exists: () => boolean; }' is not assignable to parameter of type 'never'.
src/services/clubDocumentService.test.ts(370,65): error TS2345: Argument of type '{ exists: () => boolean; id: string; data: () => { clubId: string; title: string; fileUrl: string; uploadedBy: string; uploadedAt: Timestamp; }; }' is not assignable to parameter of type 'never'.
src/services/clubDocumentService.test.ts(391,65): error TS2345: Argument of type '{ exists: () => boolean; id: string; data: () => { clubId: string; title: string; fileUrl: string; uploadedBy: string; uploadedAt: Timestamp; }; }' is not assignable to parameter of type 'never'.
src/services/clubDocumentService.test.ts(415,65): error TS2345: Argument of type '{ exists: () => boolean; id: string; data: () => { clubId: string; title: string; fileUrl: string; uploadedBy: string; uploadedAt: Timestamp; }; }' is not assignable to parameter of type 'never'.
src/services/clubDocumentService.test.ts(428,65): error TS2345: Argument of type '{ exists: () => boolean; }' is not assignable to parameter of type 'never'.
src/services/clubDocumentService.test.ts(460,65): error TS2345: Argument of type '{ exists: () => boolean; id: string; data: () => { clubId: string; title: string; fileUrl: string; uploadedBy: string; uploadedAt: Timestamp; }; }' is not assignable to parameter of type 'never'.
src/services/clubDocumentService.test.ts(462,68): error TS2345: Argument of type '{ size: number; contentType: string; customMetadata: { clubId: string; uploadedBy: string; }; }' is not assignable to parameter of type 'never'.
src/services/clubDocumentService.test.ts(476,65): error TS2345: Argument of type '{ exists: () => boolean; }' is not assignable to parameter of type 'never'.
src/services/communicationModule.property.test.ts(8,1): error TS6133: 'NotificationType' is declared but its value is never read.
src/services/conflictDetectionService.ts(1,1): error TS6133: 'Timestamp' is declared but its value is never read.
src/services/conflictDetectionService.ts(4,26): error TS6133: 'BookingStatus' is declared but its value is never read.
src/services/eventNotificationService.ts(1,1): error TS6133: 'Timestamp' is declared but its value is never read.
src/services/eventNotificationService.ts(5,35): error TS6133: 'Club' is declared but its value is never read.
src/services/eventRecommendationEngine.ts(40,7): error TS2353: Object literal may only specify known properties, and 'status' does not exist in type '{ pageSize?: number | undefined; lastDoc?: DocumentSnapshot<DocumentData, DocumentData> | undefined; clubId?: string | undefined; }'.
src/services/eventService.test.ts(78,13): error TS2741: Property 'location' is missing in type '{ registeredCount: number; qrCodeData: string; createdAt: Timestamp; clubId: string; name: string; description: string; type: EventType; startTime: Timestamp; ... 6 more ...; eventId: string; }' but required in type 'Event'.
src/services/eventService.test.ts(95,53): error TS2345: Argument of type '{ clubId: string; name: string; description: string; type: EventType; startTime: Timestamp; endTime: Timestamp; venueId: string; capacity: number; tags: string[]; fee: number; status: EventStatus; }' is not assignable to parameter of type 'Omit<Event, "createdAt" | "eventId" | "registeredCount" | "qrCodeData">'.
  Property 'location' is missing in type '{ clubId: string; name: string; description: string; type: EventType; startTime: Timestamp; endTime: Timestamp; venueId: string; capacity: number; tags: string[]; fee: number; status: EventStatus; }' but required in type 'Omit<Event, "createdAt" | "eventId" | "registeredCount" | "qrCodeData">'.
src/services/eventService.test.ts(133,45): error TS2345: Argument of type '{ clubId: string; name: string; description: string; type: EventType; startTime: Timestamp; endTime: Timestamp; venueId: string; capacity: number; tags: never[]; fee: number; status: EventStatus; }' is not assignable to parameter of type 'Omit<Event, "createdAt" | "eventId" | "registeredCount" | "qrCodeData">'.
  Property 'location' is missing in type '{ clubId: string; name: string; description: string; type: EventType; startTime: Timestamp; endTime: Timestamp; venueId: string; capacity: number; tags: never[]; fee: number; status: EventStatus; }' but required in type 'Omit<Event, "createdAt" | "eventId" | "registeredCount" | "qrCodeData">'.
src/services/eventService.test.ts(134,45): error TS2345: Argument of type '{ clubId: string; name: string; description: string; type: EventType; startTime: Timestamp; endTime: Timestamp; venueId: string; capacity: number; tags: never[]; fee: number; status: EventStatus; }' is not assignable to parameter of type 'Omit<Event, "createdAt" | "eventId" | "registeredCount" | "qrCodeData">'.
  Property 'location' is missing in type '{ clubId: string; name: string; description: string; type: EventType; startTime: Timestamp; endTime: Timestamp; venueId: string; capacity: number; tags: never[]; fee: number; status: EventStatus; }' but required in type 'Omit<Event, "createdAt" | "eventId" | "registeredCount" | "qrCodeData">'.
src/services/eventService.test.ts(154,45): error TS2345: Argument of type '{ clubId: string; name: string; description: string; type: EventType; startTime: Timestamp; endTime: Timestamp; venueId: string; capacity: number; tags: never[]; fee: number; status: EventStatus; }' is not assignable to parameter of type 'Omit<Event, "createdAt" | "eventId" | "registeredCount" | "qrCodeData">'.
  Property 'location' is missing in type '{ clubId: string; name: string; description: string; type: EventType; startTime: Timestamp; endTime: Timestamp; venueId: string; capacity: number; tags: never[]; fee: number; status: EventStatus; }' but required in type 'Omit<Event, "createdAt" | "eventId" | "registeredCount" | "qrCodeData">'.
src/services/eventService.test.ts(155,45): error TS2345: Argument of type '{ clubId: string; name: string; description: string; type: EventType; startTime: Timestamp; endTime: Timestamp; venueId: string; capacity: number; tags: never[]; fee: number; status: EventStatus; }' is not assignable to parameter of type 'Omit<Event, "createdAt" | "eventId" | "registeredCount" | "qrCodeData">'.
  Property 'location' is missing in type '{ clubId: string; name: string; description: string; type: EventType; startTime: Timestamp; endTime: Timestamp; venueId: string; capacity: number; tags: never[]; fee: number; status: EventStatus; }' but required in type 'Omit<Event, "createdAt" | "eventId" | "registeredCount" | "qrCodeData">'.
src/services/eventService.test.ts(176,45): error TS2345: Argument of type '{ clubId: string; name: string; description: string; type: EventType; startTime: Timestamp; endTime: Timestamp; venueId: string; capacity: number; tags: never[]; fee: number; status: EventStatus; }' is not assignable to parameter of type 'Omit<Event, "createdAt" | "eventId" | "registeredCount" | "qrCodeData">'.
  Property 'location' is missing in type '{ clubId: string; name: string; description: string; type: EventType; startTime: Timestamp; endTime: Timestamp; venueId: string; capacity: number; tags: never[]; fee: number; status: EventStatus; }' but required in type 'Omit<Event, "createdAt" | "eventId" | "registeredCount" | "qrCodeData">'.
src/services/eventService.test.ts(177,45): error TS2345: Argument of type '{ clubId: string; name: string; description: string; type: EventType; startTime: Timestamp; endTime: Timestamp; venueId: string; capacity: number; tags: never[]; fee: number; status: EventStatus; }' is not assignable to parameter of type 'Omit<Event, "createdAt" | "eventId" | "registeredCount" | "qrCodeData">'.
  Property 'location' is missing in type '{ clubId: string; name: string; description: string; type: EventType; startTime: Timestamp; endTime: Timestamp; venueId: string; capacity: number; tags: never[]; fee: number; status: EventStatus; }' but required in type 'Omit<Event, "createdAt" | "eventId" | "registeredCount" | "qrCodeData">'.
src/services/eventService.test.ts(198,45): error TS2345: Argument of type '{ clubId: string; name: string; description: string; type: EventType; startTime: Timestamp; endTime: Timestamp; venueId: string; capacity: number; tags: never[]; fee: number; status: EventStatus; }' is not assignable to parameter of type 'Omit<Event, "createdAt" | "eventId" | "registeredCount" | "qrCodeData">'.
  Property 'location' is missing in type '{ clubId: string; name: string; description: string; type: EventType; startTime: Timestamp; endTime: Timestamp; venueId: string; capacity: number; tags: never[]; fee: number; status: EventStatus; }' but required in type 'Omit<Event, "createdAt" | "eventId" | "registeredCount" | "qrCodeData">'.
src/services/eventService.test.ts(199,45): error TS2345: Argument of type '{ clubId: string; name: string; description: string; type: EventType; startTime: Timestamp; endTime: Timestamp; venueId: string; capacity: number; tags: never[]; fee: number; status: EventStatus; }' is not assignable to parameter of type 'Omit<Event, "createdAt" | "eventId" | "registeredCount" | "qrCodeData">'.
  Property 'location' is missing in type '{ clubId: string; name: string; description: string; type: EventType; startTime: Timestamp; endTime: Timestamp; venueId: string; capacity: number; tags: never[]; fee: number; status: EventStatus; }' but required in type 'Omit<Event, "createdAt" | "eventId" | "registeredCount" | "qrCodeData">'.
src/services/eventService.test.ts(220,45): error TS2345: Argument of type '{ clubId: string; name: string; description: string; type: EventType; startTime: Timestamp; endTime: Timestamp; venueId: string; capacity: number; tags: never[]; fee: number; status: EventStatus; }' is not assignable to parameter of type 'Omit<Event, "createdAt" | "eventId" | "registeredCount" | "qrCodeData">'.
  Property 'location' is missing in type '{ clubId: string; name: string; description: string; type: EventType; startTime: Timestamp; endTime: Timestamp; venueId: string; capacity: number; tags: never[]; fee: number; status: EventStatus; }' but required in type 'Omit<Event, "createdAt" | "eventId" | "registeredCount" | "qrCodeData">'.
src/services/eventService.test.ts(221,45): error TS2345: Argument of type '{ clubId: string; name: string; description: string; type: EventType; startTime: Timestamp; endTime: Timestamp; venueId: string; capacity: number; tags: never[]; fee: number; status: EventStatus; }' is not assignable to parameter of type 'Omit<Event, "createdAt" | "eventId" | "registeredCount" | "qrCodeData">'.
  Property 'location' is missing in type '{ clubId: string; name: string; description: string; type: EventType; startTime: Timestamp; endTime: Timestamp; venueId: string; capacity: number; tags: never[]; fee: number; status: EventStatus; }' but required in type 'Omit<Event, "createdAt" | "eventId" | "registeredCount" | "qrCodeData">'.
src/services/eventService.test.ts(242,45): error TS2345: Argument of type '{ clubId: string; name: string; description: string; type: EventType; startTime: Timestamp; endTime: Timestamp; venueId: string; capacity: number; tags: never[]; fee: number; status: EventStatus; }' is not assignable to parameter of type 'Omit<Event, "createdAt" | "eventId" | "registeredCount" | "qrCodeData">'.
  Property 'location' is missing in type '{ clubId: string; name: string; description: string; type: EventType; startTime: Timestamp; endTime: Timestamp; venueId: string; capacity: number; tags: never[]; fee: number; status: EventStatus; }' but required in type 'Omit<Event, "createdAt" | "eventId" | "registeredCount" | "qrCodeData">'.
src/services/eventService.test.ts(243,45): error TS2345: Argument of type '{ clubId: string; name: string; description: string; type: EventType; startTime: Timestamp; endTime: Timestamp; venueId: string; capacity: number; tags: never[]; fee: number; status: EventStatus; }' is not assignable to parameter of type 'Omit<Event, "createdAt" | "eventId" | "registeredCount" | "qrCodeData">'.
  Property 'location' is missing in type '{ clubId: string; name: string; description: string; type: EventType; startTime: Timestamp; endTime: Timestamp; venueId: string; capacity: number; tags: never[]; fee: number; status: EventStatus; }' but required in type 'Omit<Event, "createdAt" | "eventId" | "registeredCount" | "qrCodeData">'.
src/services/eventService.test.ts(264,45): error TS2345: Argument of type '{ clubId: string; name: string; description: string; type: EventType; startTime: Timestamp; endTime: Timestamp; venueId: string; capacity: number; tags: never[]; fee: number; status: EventStatus; }' is not assignable to parameter of type 'Omit<Event, "createdAt" | "eventId" | "registeredCount" | "qrCodeData">'.
  Property 'location' is missing in type '{ clubId: string; name: string; description: string; type: EventType; startTime: Timestamp; endTime: Timestamp; venueId: string; capacity: number; tags: never[]; fee: number; status: EventStatus; }' but required in type 'Omit<Event, "createdAt" | "eventId" | "registeredCount" | "qrCodeData">'.
src/services/eventService.test.ts(265,45): error TS2345: Argument of type '{ clubId: string; name: string; description: string; type: EventType; startTime: Timestamp; endTime: Timestamp; venueId: string; capacity: number; tags: never[]; fee: number; status: EventStatus; }' is not assignable to parameter of type 'Omit<Event, "createdAt" | "eventId" | "registeredCount" | "qrCodeData">'.
  Property 'location' is missing in type '{ clubId: string; name: string; description: string; type: EventType; startTime: Timestamp; endTime: Timestamp; venueId: string; capacity: number; tags: never[]; fee: number; status: EventStatus; }' but required in type 'Omit<Event, "createdAt" | "eventId" | "registeredCount" | "qrCodeData">'.
src/services/eventService.test.ts(274,13): error TS2741: Property 'location' is missing in type '{ eventId: string; clubId: string; name: string; description: string; type: EventType.WORKSHOP; startTime: Timestamp; endTime: Timestamp; venueId: string; capacity: number; ... 5 more ...; createdAt: Timestamp; }' but required in type 'Event'.
src/services/eventService.test.ts(324,13): error TS2741: Property 'location' is missing in type '{ eventId: string; clubId: string; name: string; description: string; type: EventType.WORKSHOP; startTime: Timestamp; endTime: Timestamp; venueId: string; capacity: number; ... 5 more ...; createdAt: Timestamp; }' but required in type 'Event'.
src/services/eventService.test.ts(353,13): error TS2741: Property 'location' is missing in type '{ eventId: string; clubId: string; name: string; description: string; type: EventType.WORKSHOP; startTime: Timestamp; endTime: Timestamp; venueId: string; capacity: number; ... 5 more ...; createdAt: Timestamp; }' but required in type 'Event'.
src/services/eventService.test.ts(384,13): error TS2741: Property 'location' is missing in type '{ eventId: string; clubId: string; name: string; description: string; type: EventType.WORKSHOP; startTime: Timestamp; endTime: Timestamp; venueId: string; capacity: number; ... 5 more ...; createdAt: Timestamp; }' but required in type 'Event'.
src/services/eventService.test.ts(432,13): error TS2741: Property 'location' is missing in type '{ eventId: string; clubId: string; name: string; description: string; type: EventType.WORKSHOP; startTime: Timestamp; endTime: Timestamp; venueId: string; capacity: number; ... 5 more ...; createdAt: Timestamp; }' but required in type 'Event'.
src/services/eventService.test.ts(470,13): error TS2741: Property 'location' is missing in type '{ eventId: string; clubId: string; name: string; description: string; type: EventType.WORKSHOP; startTime: Timestamp; endTime: Timestamp; venueId: string; capacity: number; ... 5 more ...; createdAt: Timestamp; }' but required in type 'Event'.
src/services/eventService.test.ts(497,13): error TS6133: 'result' is declared but its value is never read.
src/services/eventService.test.ts(510,13): error TS2741: Property 'location' is missing in type '{ eventId: string; clubId: string; name: string; description: string; type: EventType.WORKSHOP; startTime: Timestamp; endTime: Timestamp; venueId: string; capacity: number; ... 5 more ...; createdAt: Timestamp; }' but required in type 'Event'.
src/services/eventService.test.ts(550,13): error TS2741: Property 'location' is missing in type '{ eventId: string; clubId: string; name: string; description: string; type: EventType.WORKSHOP; startTime: Timestamp; endTime: Timestamp; venueId: string; capacity: number; ... 5 more ...; createdAt: Timestamp; }' but required in type 'Event'.
src/services/gamificationService.ts(46,19): error TS6133: '_score' is declared but its value is never read.
src/services/membershipService.ts(223,5): error TS6133: 'type' is declared but its value is never read.
src/services/membershipService.ts(226,5): error TS6133: 'data' is declared but its value is never read.
src/services/notification.test.ts(3,1): error TS6133: 'dbConnectionManager' is declared but its value is never read.
src/services/notification.test.ts(4,10): error TS6133: 'Timestamp' is declared but its value is never read.
src/services/notification.test.ts(4,39): error TS6133: 'Notification' is declared but its value is never read.
src/services/notification.test.ts(53,73): error TS2345: Argument of type '{ userId: string; type: NotificationType.ANNOUNCEMENT; title: string; message: string; data: {}; isRead: false; retryCount: number; }' is not assignable to parameter of type 'Omit<Notification, "notificationId">'.
  Property 'createdAt' is missing in type '{ userId: string; type: NotificationType.ANNOUNCEMENT; title: string; message: string; data: {}; isRead: false; retryCount: number; }' but required in type 'Omit<Notification, "notificationId">'.
src/services/notificationService.ts(1,20): error TS6133: 'push' is declared but its value is never read.
src/services/paymentService.test.ts(87,13): error TS6133: 'failedTransaction' is declared but its value is never read.
src/services/paymentService.test.ts(94,73): error TS6133: 'id' is declared but its value is never read.
src/services/paymentService.test.ts(476,73): error TS6133: 'id' is declared but its value is never read.
src/services/qrCodeGenerator.test.ts(3,41): error TS6133: 'QRCode' is declared but its value is never read.
src/services/qrCodeGenerator.test.ts(53,5): error TS2741: Property 'location' is missing in type '{ eventId: string; clubId: string; name: string; description: string; type: EventType.WORKSHOP; startTime: Timestamp; endTime: Timestamp; venueId: string; capacity: number; ... 5 more ...; createdAt: Timestamp; }' but required in type 'Event'.
src/services/roleManager.property.test.ts(3,1): error TS6133: 'userRepository' is declared but its value is never read.
src/services/roleManager.property.test.ts(4,30): error TS6133: 'User' is declared but its value is never read.
src/services/rsvpService.test.ts(23,5): error TS2741: Property 'location' is missing in type '{ eventId: string; clubId: string; name: string; description: string; type: EventType.WORKSHOP; startTime: Timestamp; endTime: Timestamp; venueId: string; capacity: number; ... 5 more ...; createdAt: Timestamp; }' but required in type 'Event'.
src/services/rsvpService.ts(5,28): error TS6133: 'Event' is declared but its value is never read.
